// Vitest Snapshot v1, https://vitest.dev/guide/snapshot.html

exports[`SensorTimeline Weather Integration > should correctly calculate passes and integrate weather data 1`] = `
[
  [
    {
      "passes": [],
      "sensor": "BLEAFB",
      "type": "can Observe",
    },
    {
      "passes": [],
      "sensor": "CODSFS",
      "type": "can Observe",
    },
    {
      "passes": [],
      "sensor": "CAVSFS",
      "type": "can Observe",
    },
    {
      "passes": [],
      "sensor": "CLRSFS",
      "type": "can Observe",
    },
    {
      "passes": [],
      "sensor": "RAFFYL",
      "type": "can Observe",
    },
    {
      "passes": [],
      "sensor": "PITSB",
      "type": "can Observe",
    },
    {
      "passes": [],
      "sensor": "GEODDSDGC",
      "type": "can Observe",
    },
    {
      "passes": [],
      "sensor": "GEODDSMAU",
      "type": "can Observe",
    },
    {
      "passes": [],
      "sensor": "GEODDSSOC",
      "type": "can Observe",
    },
    {
      "passes": [],
      "sensor": "ZimLAT",
      "type": "can Observe",
    },
    {
      "passes": [],
      "sensor": "TRO",
      "type": "can Observe",
    },
  ],
  [
    {
      "passes": [
        {
          "end": "2025-04-21T22:12:30.000Z",
          "start": "2025-04-21T14:05:30.000Z",
        },
      ],
      "sensor": "GEODDSDGC",
      "type": "In Field of View",
    },
    {
      "passes": [
        {
          "end": "2025-04-21T04:45:00.000Z",
          "start": "2025-04-21T01:00:00.000Z",
        },
        {
          "end": "2025-04-22T01:59:30.000Z",
          "start": "2025-04-21T23:31:30.000Z",
        },
      ],
      "sensor": "GEODDSMAU",
      "type": "In Field of View",
    },
    {
      "passes": [
        {
          "end": "2025-04-21T03:25:30.000Z",
          "start": "2025-04-21T01:00:00.000Z",
        },
        {
          "end": "2025-04-21T11:53:00.000Z",
          "start": "2025-04-21T09:03:00.000Z",
        },
        {
          "end": "2025-04-22T01:59:30.000Z",
          "start": "2025-04-22T00:28:00.000Z",
        },
      ],
      "sensor": "GEODDSSOC",
      "type": "In Field of View",
    },
    {
      "passes": [
        {
          "end": "2025-04-21T15:52:00.000Z",
          "start": "2025-04-21T09:47:00.000Z",
        },
      ],
      "sensor": "ZimLAT",
      "type": "In Field of View",
    },
    {
      "passes": [
        {
          "end": "2025-04-21T16:51:30.000Z",
          "start": "2025-04-21T10:31:30.000Z",
        },
        {
          "end": "2025-04-21T23:21:00.000Z",
          "start": "2025-04-21T22:33:30.000Z",
        },
      ],
      "sensor": "TRO",
      "type": "In Field of View",
    },
  ],
  [
    {
      "passes": [
        {
          "end": "2025-04-22T01:59:30.000Z",
          "start": "2025-04-21T01:00:00.000Z",
        },
      ],
      "sensor": "GEODDSDGC",
      "type": "Satellite in Sunlight",
    },
    {
      "passes": [
        {
          "end": "2025-04-22T01:59:30.000Z",
          "start": "2025-04-21T01:00:00.000Z",
        },
      ],
      "sensor": "GEODDSMAU",
      "type": "Satellite in Sunlight",
    },
    {
      "passes": [
        {
          "end": "2025-04-22T01:59:30.000Z",
          "start": "2025-04-21T01:00:00.000Z",
        },
      ],
      "sensor": "GEODDSSOC",
      "type": "Satellite in Sunlight",
    },
    {
      "passes": [
        {
          "end": "2025-04-22T01:59:30.000Z",
          "start": "2025-04-21T01:00:00.000Z",
        },
      ],
      "sensor": "ZimLAT",
      "type": "Satellite in Sunlight",
    },
    {
      "passes": [
        {
          "end": "2025-04-22T01:59:30.000Z",
          "start": "2025-04-21T01:00:00.000Z",
        },
      ],
      "sensor": "TRO",
      "type": "Satellite in Sunlight",
    },
  ],
  [
    {
      "passes": [],
      "sensor": "GEODDSDGC",
      "type": "Station in Eclipse",
    },
    {
      "passes": [],
      "sensor": "GEODDSMAU",
      "type": "Station in Eclipse",
    },
    {
      "passes": [],
      "sensor": "GEODDSSOC",
      "type": "Station in Eclipse",
    },
    {
      "passes": [],
      "sensor": "ZimLAT",
      "type": "Station in Eclipse",
    },
    {
      "passes": [],
      "sensor": "TRO",
      "type": "Station in Eclipse",
    },
  ],
  [
    {
      "passes": [],
      "sensor": "GEODDSDGC",
      "type": "Clear Skies",
    },
    {
      "passes": [],
      "sensor": "GEODDSMAU",
      "type": "Clear Skies",
    },
    {
      "passes": [
        {
          "end": "2025-04-21T03:25:30.000Z",
          "start": "2025-04-21T01:00:00.000Z",
        },
        {
          "end": "2025-04-21T11:53:00.000Z",
          "start": "2025-04-21T09:03:00.000Z",
        },
      ],
      "sensor": "GEODDSSOC",
      "type": "Clear Skies",
    },
    {
      "passes": [],
      "sensor": "ZimLAT",
      "type": "Clear Skies",
    },
    {
      "passes": [
        {
          "end": "2025-04-21T12:30:30.000Z",
          "start": "2025-04-21T11:30:30.000Z",
        },
        {
          "end": "2025-04-21T23:21:00.000Z",
          "start": "2025-04-21T22:33:30.000Z",
        },
      ],
      "sensor": "TRO",
      "type": "Clear Skies",
    },
  ],
]
`;
